Archive member included to satisfy reference by file (symbol)

d:/ac6/systemworkbench/plugins/fr.ac6.mcu.externaltools.arm-none.win32_1.17.0.201812190825/tools/compiler/bin/../lib/gcc/arm-none-eabi/7.3.1/../../../../arm-none-eabi/lib/thumb/v7-m\libc.a(lib_a-errno.o)
                              src/syscalls.o (__errno)
d:/ac6/systemworkbench/plugins/fr.ac6.mcu.externaltools.arm-none.win32_1.17.0.201812190825/tools/compiler/bin/../lib/gcc/arm-none-eabi/7.3.1/../../../../arm-none-eabi/lib/thumb/v7-m\libc.a(lib_a-exit.o)
                              d:/ac6/systemworkbench/plugins/fr.ac6.mcu.externaltools.arm-none.win32_1.17.0.201812190825/tools/compiler/bin/../lib/gcc/arm-none-eabi/7.3.1/../../../../arm-none-eabi/lib/thumb/v7-m/crt0.o (exit)
d:/ac6/systemworkbench/plugins/fr.ac6.mcu.externaltools.arm-none.win32_1.17.0.201812190825/tools/compiler/bin/../lib/gcc/arm-none-eabi/7.3.1/../../../../arm-none-eabi/lib/thumb/v7-m\libc.a(lib_a-impure.o)
                              d:/ac6/systemworkbench/plugins/fr.ac6.mcu.externaltools.arm-none.win32_1.17.0.201812190825/tools/compiler/bin/../lib/gcc/arm-none-eabi/7.3.1/../../../../arm-none-eabi/lib/thumb/v7-m\libc.a(lib_a-exit.o) (_global_impure_ptr)
d:/ac6/systemworkbench/plugins/fr.ac6.mcu.externaltools.arm-none.win32_1.17.0.201812190825/tools/compiler/bin/../lib/gcc/arm-none-eabi/7.3.1/../../../../arm-none-eabi/lib/thumb/v7-m\libc.a(lib_a-init.o)
                              d:/ac6/systemworkbench/plugins/fr.ac6.mcu.externaltools.arm-none.win32_1.17.0.201812190825/tools/compiler/bin/../lib/gcc/arm-none-eabi/7.3.1/../../../../arm-none-eabi/lib/thumb/v7-m/crt0.o (__libc_init_array)
d:/ac6/systemworkbench/plugins/fr.ac6.mcu.externaltools.arm-none.win32_1.17.0.201812190825/tools/compiler/bin/../lib/gcc/arm-none-eabi/7.3.1/../../../../arm-none-eabi/lib/thumb/v7-m\libc.a(lib_a-memset.o)
                              d:/ac6/systemworkbench/plugins/fr.ac6.mcu.externaltools.arm-none.win32_1.17.0.201812190825/tools/compiler/bin/../lib/gcc/arm-none-eabi/7.3.1/../../../../arm-none-eabi/lib/thumb/v7-m/crt0.o (memset)
d:/ac6/systemworkbench/plugins/fr.ac6.mcu.externaltools.arm-none.win32_1.17.0.201812190825/tools/compiler/bin/../lib/gcc/arm-none-eabi/7.3.1/../../../../arm-none-eabi/lib/thumb/v7-m\libc.a(lib_a-__call_atexit.o)
                              d:/ac6/systemworkbench/plugins/fr.ac6.mcu.externaltools.arm-none.win32_1.17.0.201812190825/tools/compiler/bin/../lib/gcc/arm-none-eabi/7.3.1/../../../../arm-none-eabi/lib/thumb/v7-m\libc.a(lib_a-exit.o) (__call_exitprocs)
d:/ac6/systemworkbench/plugins/fr.ac6.mcu.externaltools.arm-none.win32_1.17.0.201812190825/tools/compiler/bin/../lib/gcc/arm-none-eabi/7.3.1/../../../../arm-none-eabi/lib/thumb/v7-m\libc.a(lib_a-atexit.o)
                              d:/ac6/systemworkbench/plugins/fr.ac6.mcu.externaltools.arm-none.win32_1.17.0.201812190825/tools/compiler/bin/../lib/gcc/arm-none-eabi/7.3.1/../../../../arm-none-eabi/lib/thumb/v7-m\libc.a(lib_a-__call_atexit.o) (atexit)
d:/ac6/systemworkbench/plugins/fr.ac6.mcu.externaltools.arm-none.win32_1.17.0.201812190825/tools/compiler/bin/../lib/gcc/arm-none-eabi/7.3.1/../../../../arm-none-eabi/lib/thumb/v7-m\libc.a(lib_a-fini.o)
                              d:/ac6/systemworkbench/plugins/fr.ac6.mcu.externaltools.arm-none.win32_1.17.0.201812190825/tools/compiler/bin/../lib/gcc/arm-none-eabi/7.3.1/../../../../arm-none-eabi/lib/thumb/v7-m\libc.a(lib_a-__call_atexit.o) (__libc_fini_array)
d:/ac6/systemworkbench/plugins/fr.ac6.mcu.externaltools.arm-none.win32_1.17.0.201812190825/tools/compiler/bin/../lib/gcc/arm-none-eabi/7.3.1/../../../../arm-none-eabi/lib/thumb/v7-m\libc.a(lib_a-lock.o)
                              d:/ac6/systemworkbench/plugins/fr.ac6.mcu.externaltools.arm-none.win32_1.17.0.201812190825/tools/compiler/bin/../lib/gcc/arm-none-eabi/7.3.1/../../../../arm-none-eabi/lib/thumb/v7-m\libc.a(lib_a-__call_atexit.o) (__retarget_lock_acquire_recursive)
d:/ac6/systemworkbench/plugins/fr.ac6.mcu.externaltools.arm-none.win32_1.17.0.201812190825/tools/compiler/bin/../lib/gcc/arm-none-eabi/7.3.1/../../../../arm-none-eabi/lib/thumb/v7-m\libc.a(lib_a-__atexit.o)
                              d:/ac6/systemworkbench/plugins/fr.ac6.mcu.externaltools.arm-none.win32_1.17.0.201812190825/tools/compiler/bin/../lib/gcc/arm-none-eabi/7.3.1/../../../../arm-none-eabi/lib/thumb/v7-m\libc.a(lib_a-atexit.o) (__register_exitproc)

Allocating common symbols
Common symbol       size              file

__lock___atexit_recursive_mutex
                    0x1               d:/ac6/systemworkbench/plugins/fr.ac6.mcu.externaltools.arm-none.win32_1.17.0.201812190825/tools/compiler/bin/../lib/gcc/arm-none-eabi/7.3.1/../../../../arm-none-eabi/lib/thumb/v7-m\libc.a(lib_a-lock.o)
__lock___arc4random_mutex
[...]
Memory Configuration

Name             Origin             Length             Attributes
RAM              0x20000000         0x00005000         xrw
ROM              0x08000000         0x00010000         xr
*default*        0x00000000         0xffffffff

Linker script and memory map

LOAD d:/ac6/systemworkbench/plugins/fr.ac6.mcu.externaltools.arm-none.win32_1.17.0.201812190825/tools/compiler/bin/../lib/gcc/arm-none-eabi/7.3.1/thumb/v7-m/crti.o
LOAD d:/ac6/systemworkbench/plugins/fr.ac6.mcu.externaltools.arm-none.win32_1.17.0.201812190825/tools/compiler/bin/../lib/gcc/arm-none-eabi/7.3.1/thumb/v7-m/crtbegin.o
LOAD d:/ac6/systemworkbench/plugins/fr.ac6.mcu.externaltools.arm-none.win32_1.17.0.201812190825/tools/compiler/bin/../lib/gcc/arm-none-eabi/7.3.1/../../../../arm-none-eabi/lib/thumb/v7-m/crt0.o
LOAD CMSIS/core/core_cm3.o
LOAD StdPeriph_Driver/src/misc.o
LOAD StdPeriph_Driver/src/stm32f10x_adc.o
LOAD StdPeriph_Driver/src/stm32f10x_bkp.o
LOAD StdPeriph_Driver/src/stm32f10x_can.o
LOAD StdPeriph_Driver/src/stm32f10x_cec.o
LOAD StdPeriph_Driver/src/stm32f10x_crc.o
LOAD StdPeriph_Driver/src/stm32f10x_dac.o
LOAD StdPeriph_Driver/src/stm32f10x_dbgmcu.o
LOAD StdPeriph_Driver/src/stm32f10x_dma.o
LOAD StdPeriph_Driver/src/stm32f10x_exti.o
LOAD StdPeriph_Driver/src/stm32f10x_flash.o
LOAD StdPeriph_Driver/src/stm32f10x_fsmc.o
LOAD StdPeriph_Driver/src/stm32f10x_gpio.o
LOAD StdPeriph_Driver/src/stm32f10x_i2c.o
LOAD StdPeriph_Driver/src/stm32f10x_iwdg.o
LOAD StdPeriph_Driver/src/stm32f10x_pwr.o
LOAD StdPeriph_Driver/src/stm32f10x_rcc.o
LOAD StdPeriph_Driver/src/stm32f10x_rtc.o
LOAD StdPeriph_Driver/src/stm32f10x_sdio.o
LOAD StdPeriph_Driver/src/stm32f10x_spi.o
LOAD StdPeriph_Driver/src/stm32f10x_tim.o
LOAD StdPeriph_Driver/src/stm32f10x_usart.o
LOAD StdPeriph_Driver/src/stm32f10x_wwdg.o
LOAD src/ADC.o
LOAD src/Delay.o
LOAD src/IO_input.o
LOAD src/IO_output.o
LOAD src/Timer.o
LOAD src/main.o
LOAD src/oled.o
LOAD src/sys.o
LOAD src/syscalls.o
LOAD src/system_stm32f10x.o
LOAD startup/startup_stm32.o
LOAD d:/ac6/systemworkbench/plugins/fr.ac6.mcu.externaltools.arm-none.win32_1.17.0.201812190825/tools/compiler/bin/../lib/gcc/arm-none-eabi/7.3.1/../../../../arm-none-eabi/lib/thumb/v7-m\libm.a
START GROUP
LOAD d:/ac6/systemworkbench/plugins/fr.ac6.mcu.externaltools.arm-none.win32_1.17.0.201812190825/tools/compiler/bin/../lib/gcc/arm-none-eabi/7.3.1/thumb/v7-m\libgcc.a
LOAD d:/ac6/systemworkbench/plugins/fr.ac6.mcu.externaltools.arm-none.win32_1.17.0.201812190825/tools/compiler/bin/../lib/gcc/arm-none-eabi/7.3.1/../../../../arm-none-eabi/lib/thumb/v7-m\libc.a
END GROUP
LOAD d:/ac6/systemworkbench/plugins/fr.ac6.mcu.externaltools.arm-none.win32_1.17.0.201812190825/tools/compiler/bin/../lib/gcc/arm-none-eabi/7.3.1/thumb/v7-m/crtend.o
LOAD d:/ac6/systemworkbench/plugins/fr.ac6.mcu.externaltools.arm-none.win32_1.17.0.201812190825/tools/compiler/bin/../lib/gcc/arm-none-eabi/7.3.1/thumb/v7-m/crtn.o
                0x20005000                _estack = 0x20005000
                0x00000000                _Min_Heap_Size = 0x0
                0x00000400                _Min_Stack_Size = 0x400

.isr_vector     0x08000000      0x130
                0x08000000                . = ALIGN (0x4)
 *(.isr_vector)
 .isr_vector    0x08000000      0x130 startup/startup_stm32.o
                0x08000000                g_pfnVectors
                0x08000130                . = ALIGN (0x4)

.text           0x08000130     0x14e0
                0x08000130                . = ALIGN (0x4)
 *(.text)
 .text          0x08000130       0x40 d:/ac6/systemworkbench/plugins/fr.ac6.mcu.externaltools.arm-none.win32_1.17.0.201812190825/tools/compiler/bin/../lib/gcc/arm-none-eabi/7.3.1/thumb/v7-m/crtbegin.o
 *(.text*)
 .text.NVIC_PriorityGroupConfig
                0x08000170       0x24 StdPeriph_Driver/src/misc.o
                0x08000170                NVIC_PriorityGroupConfig
 .text.NVIC_Init
                0x08000194       0xc4 StdPeriph_Driver/src/misc.o
                0x08000194                NVIC_Init
 .text.SysTick_CLKSourceConfig
                0x08000258       0x38 StdPeriph_Driver/src/misc.o
                0x08000258                SysTick_CLKSourceConfig
 .text.ADC_Init
                0x08000290       0xa4 StdPeriph_Driver/src/stm32f10x_adc.o
                0x08000290                ADC_Init
 .text.ADC_Cmd  0x08000334       0x36 StdPeriph_Driver/src/stm32f10x_adc.o
                0x08000334                ADC_Cmd
 .text.ADC_ResetCalibration
                0x0800036a       0x1e StdPeriph_Driver/src/stm32f10x_adc.o
                0x0800036a                ADC_ResetCalibration
 .text.ADC_GetResetCalibrationStatus
                0x08000388       0x2e StdPeriph_Driver/src/stm32f10x_adc.o
                0x08000388                ADC_GetResetCalibrationStatus
 .text.ADC_StartCalibration
                0x080003b6       0x1e StdPeriph_Driver/src/stm32f10x_adc.o
                0x080003b6                ADC_StartCalibration
 .text.ADC_GetCalibrationStatus
                0x080003d4       0x2e StdPeriph_Driver/src/stm32f10x_adc.o
                0x080003d4                ADC_GetCalibrationStatus
 .text.ADC_SoftwareStartConvCmd
                0x08000402       0x36 StdPeriph_Driver/src/stm32f10x_adc.o
                0x08000402                ADC_SoftwareStartConvCmd
 .text.ADC_RegularChannelConfig
                0x08000438      0x192 StdPeriph_Driver/src/stm32f10x_adc.o
                0x08000438                ADC_RegularChannelConfig
 .text.ADC_GetConversionValue
                0x080005ca       0x18 StdPeriph_Driver/src/stm32f10x_adc.o
                0x080005ca                ADC_GetConversionValue
 .text.ADC_GetFlagStatus
                0x080005e2       0x32 StdPeriph_Driver/src/stm32f10x_adc.o
                0x080005e2                ADC_GetFlagStatus
 .text.GPIO_Init
                0x08000614      0x178 StdPeriph_Driver/src/stm32f10x_gpio.o
                0x08000614                GPIO_Init
 .text.GPIO_SetBits
                0x0800078c       0x1c StdPeriph_Driver/src/stm32f10x_gpio.o
                0x0800078c                GPIO_SetBits
 .text.GPIO_ResetBits
                0x080007a8       0x1c StdPeriph_Driver/src/stm32f10x_gpio.o
                0x080007a8                GPIO_ResetBits
 .text.RCC_APB2PeriphClockCmd
                0x080007c4       0x3c StdPeriph_Driver/src/stm32f10x_rcc.o
                0x080007c4                RCC_APB2PeriphClockCmd
 .text.RCC_APB1PeriphClockCmd
                0x08000800       0x3c StdPeriph_Driver/src/stm32f10x_rcc.o
                0x08000800                RCC_APB1PeriphClockCmd
 .text.TIM_TimeBaseInit
                0x0800083c       0xf8 StdPeriph_Driver/src/stm32f10x_tim.o
                0x0800083c                TIM_TimeBaseInit
 .text.TIM_Cmd  0x08000934       0x3e StdPeriph_Driver/src/stm32f10x_tim.o
                0x08000934                TIM_Cmd
 .text.TIM_ITConfig
                0x08000972       0x46 StdPeriph_Driver/src/stm32f10x_tim.o
                0x08000972                TIM_ITConfig
 .text.TIM_GetITStatus
                0x080009b8       0x52 StdPeriph_Driver/src/stm32f10x_tim.o
                0x080009b8                TIM_GetITStatus
 .text.TIM_ClearITPendingBit
                0x08000a0a       0x20 StdPeriph_Driver/src/stm32f10x_tim.o
                0x08000a0a                TIM_ClearITPendingBit
 *fill*         0x08000a2a        0x2 
 .text.ADCIOInit
                0x08000a2c       0x2c src/ADC.o
                0x08000a2c                ADCIOInit
 .text.ADCInit  0x08000a58       0x78 src/ADC.o
                0x08000a58                ADCInit
 .text.GetADCValue
                0x08000ad0       0x58 src/ADC.o
                0x08000ad0                GetADCValue
 .text.delay_init
                0x08000b28       0x4c src/Delay.o
                0x08000b28                delay_init
 .text.delay_ms
                0x08000b74       0x6c src/Delay.o
                0x08000b74                delay_ms
 .text.time3_init
                0x08000be0       0x54 src/Timer.o
                0x08000be0                time3_init
 .text.NVIC_INIT
                0x08000c34       0x2e src/Timer.o
                0x08000c34                NVIC_INIT
 *fill*         0x08000c62        0x2 
 .text.TIM3_IRQHandler
                0x08000c64       0x60 src/main.o
                0x08000c64                TIM3_IRQHandler
 .text.main     0x08000cc4       0x44 src/main.o
                0x08000cc4                main
 .text.IIC_Start
                0x08000d08       0x2c src/oled.o
                0x08000d08                IIC_Start
 .text.IIC_Stop
                0x08000d34       0x24 src/oled.o
                0x08000d34                IIC_Stop
 .text.IIC_Wait_Ack
                0x08000d58       0x1c src/oled.o
                0x08000d58                IIC_Wait_Ack
 .text.Write_IIC_Byte
                0x08000d74       0x70 src/oled.o
                0x08000d74                Write_IIC_Byte
 .text.Write_IIC_Command
                0x08000de4       0x3a src/oled.o
                0x08000de4                Write_IIC_Command
 .text.Write_IIC_Data
                0x08000e1e       0x3a src/oled.o
                0x08000e1e                Write_IIC_Data
 .text.OLED_WR_Byte
                0x08000e58       0x2e src/oled.o
                0x08000e58                OLED_WR_Byte
 .text.OLED_Set_Pos
                0x08000e86       0x46 src/oled.o
                0x08000e86                OLED_Set_Pos
 .text.OLED_Clear
                0x08000ecc       0x58 src/oled.o
                0x08000ecc                OLED_Clear
 .text.OLED_ShowChar
                0x08000f24       0xfc src/oled.o
                0x08000f24                OLED_ShowChar
 .text.oled_pow
                0x08001020       0x36 src/oled.o
                0x08001020                oled_pow
 *fill*         0x08001056        0x2 
 .text.OLED_ShowNum
                0x08001058       0xc8 src/oled.o
                0x08001058                OLED_ShowNum
 .text.OLED_ShowString
                0x08001120       0x5e src/oled.o
                0x08001120                OLED_ShowString
 *fill*         0x0800117e        0x2 
 .text.OLED_Init
                0x08001180      0x13c src/oled.o
                0x08001180                OLED_Init
 .text.NVIC_Configuration
                0x080012bc       0x10 src/sys.o
                0x080012bc                NVIC_Configuration
 .text.SystemInit
                0x080012cc       0x68 src/system_stm32f10x.o
                0x080012cc                SystemInit
 .text.SetSysClock
                0x08001334        0xc src/system_stm32f10x.o
 .text.SetSysClockTo72
                0x08001340      0x100 src/system_stm32f10x.o
 .text.Reset_Handler
                0x08001440       0x50 startup/startup_stm32.o
                0x08001440                Reset_Handler
 .text.Default_Handler
                0x08001490        0x2 startup/startup_stm32.o
                0x08001490                EXTI2_IRQHandler
                0x08001490                TIM8_TRG_COM_IRQHandler
                0x08001490                TIM8_CC_IRQHandler
                0x08001490                DebugMon_Handler
                0x08001490                TIM1_CC_IRQHandler
                0x08001490                HardFault_Handler
                0x08001490                TIM6_IRQHandler
                0x08001490                SysTick_Handler
                0x08001490                PVD_IRQHandler
                0x08001490                SDIO_IRQHandler
                0x08001490                PendSV_Handler
                0x08001490                NMI_Handler
                0x08001490                EXTI3_IRQHandler
                0x08001490                USB_HP_CAN_TX_IRQHandler
                0x08001490                EXTI0_IRQHandler
                0x08001490                I2C2_EV_IRQHandler
                0x08001490                UsageFault_Handler
                0x08001490                ADC1_2_IRQHandler
                0x08001490                SPI1_IRQHandler
                0x08001490                CAN_SCE_IRQHandler
                0x08001490                TAMPER_IRQHandler
                0x08001490                TIM8_UP_IRQHandler
                0x08001490                DMA2_Channel2_IRQHandler
                0x08001490                DMA1_Channel4_IRQHandler
                0x08001490                USART3_IRQHandler
                0x08001490                RTC_IRQHandler
                0x08001490                DMA1_Channel7_IRQHandler
                0x08001490                UART5_IRQHandler
                0x08001490                ADC3_IRQHandler
                0x08001490                TIM4_IRQHandler
                0x08001490                CAN_RX1_IRQHandler
                0x08001490                DMA2_Channel1_IRQHandler
                0x08001490                I2C1_EV_IRQHandler
                0x08001490                DMA1_Channel6_IRQHandler
                0x08001490                UART4_IRQHandler
                0x08001490                RCC_IRQHandler
                0x08001490                TIM1_TRG_COM_IRQHandler
                0x08001490                DMA1_Channel1_IRQHandler
                0x08001490                Default_Handler
                0x08001490                EXTI15_10_IRQHandler
                0x08001490                TIM7_IRQHandler
                0x08001490                TIM5_IRQHandler
                0x08001490                EXTI9_5_IRQHandler
                0x08001490                SPI2_IRQHandler
                0x08001490                USB_LP_CAN_RX0_IRQHandler
                0x08001490                MemManage_Handler
                0x08001490                SVC_Handler
                0x08001490                DMA1_Channel5_IRQHandler
                0x08001490                EXTI4_IRQHandler
                0x08001490                DMA1_Channel3_IRQHandler
                0x08001490                FSMC_IRQHandler
                0x08001490                TIM1_UP_IRQHandler
                0x08001490                WWDG_IRQHandler
                0x08001490                TIM2_IRQHandler
                0x08001490                TIM1_BRK_IRQHandler
                0x08001490                EXTI1_IRQHandler
                0x08001490                RTCAlarm_IRQHandler
                0x08001490                DMA2_Channel4_5_IRQHandler
                0x08001490                USART2_IRQHandler
                0x08001490                I2C2_ER_IRQHandler
                0x08001490                DMA1_Channel2_IRQHandler
                0x08001490                TIM8_BRK_IRQHandler
                0x08001490                FLASH_IRQHandler
                0x08001490                BusFault_Handler
                0x08001490                USART1_IRQHandler
                0x08001490                SPI3_IRQHandler
                0x08001490                I2C1_ER_IRQHandler
                0x08001490                DMA2_Channel3_IRQHandler
 *fill*         0x08001492        0x2 
 .text.__libc_init_array
                0x08001494       0x48 d:/ac6/systemworkbench/plugins/fr.ac6.mcu.externaltools.arm-none.win32_1.17.0.201812190825/tools/compiler/bin/../lib/gcc/arm-none-eabi/7.3.1/../../../../arm-none-eabi/lib/thumb/v7-m\libc.a(lib_a-init.o)
                0x08001494                __libc_init_array
 .text.startup.register_fini
                0x080014dc       0x14 d:/ac6/systemworkbench/plugins/fr.ac6.mcu.externaltools.arm-none.win32_1.17.0.201812190825/tools/compiler/bin/../lib/gcc/arm-none-eabi/7.3.1/../../../../arm-none-eabi/lib/thumb/v7-m\libc.a(lib_a-__call_atexit.o)
 .text.atexit   0x080014f0        0xc d:/ac6/systemworkbench/plugins/fr.ac6.mcu.externaltools.arm-none.win32_1.17.0.201812190825/tools/compiler/bin/../lib/gcc/arm-none-eabi/7.3.1/../../../../arm-none-eabi/lib/thumb/v7-m\libc.a(lib_a-atexit.o)
                0x080014f0                atexit
 .text.__libc_fini_array
                0x080014fc       0x34 d:/ac6/systemworkbench/plugins/fr.ac6.mcu.externaltools.arm-none.win32_1.17.0.201812190825/tools/compiler/bin/../lib/gcc/arm-none-eabi/7.3.1/../../../../arm-none-eabi/lib/thumb/v7-m\libc.a(lib_a-fini.o)
                0x080014fc                __libc_fini_array
 .text.__retarget_lock_acquire_recursive
                0x08001530        0x4 d:/ac6/systemworkbench/plugins/fr.ac6.mcu.externaltools.arm-none.win32_1.17.0.201812190825/tools/compiler/bin/../lib/gcc/arm-none-eabi/7.3.1/../../../../arm-none-eabi/lib/thumb/v7-m\libc.a(lib_a-lock.o)
                0x08001530                __retarget_lock_acquire_recursive
 .text.__retarget_lock_release_recursive
                0x08001534        0x4 d:/ac6/systemworkbench/plugins/fr.ac6.mcu.externaltools.arm-none.win32_1.17.0.201812190825/tools/compiler/bin/../lib/gcc/arm-none-eabi/7.3.1/../../../../arm-none-eabi/lib/thumb/v7-m\libc.a(lib_a-lock.o)
                0x08001534                __retarget_lock_release_recursive
 .text.__register_exitproc
                0x08001538       0xc0 d:/ac6/systemworkbench/plugins/fr.ac6.mcu.externaltools.arm-none.win32_1.17.0.201812190825/tools/compiler/bin/../lib/gcc/arm-none-eabi/7.3.1/../../../../arm-none-eabi/lib/thumb/v7-m\libc.a(lib_a-__atexit.o)
                0x08001538                __register_exitproc
 *(.glue_7)
 .glue_7        0x080015f8        0x0 linker stubs
 *(.glue_7t)
 .glue_7t       0x080015f8        0x0 linker stubs
 *(.eh_frame)
 .eh_frame      0x080015f8        0x0 d:/ac6/systemworkbench/plugins/fr.ac6.mcu.externaltools.arm-none.win32_1.17.0.201812190825/tools/compiler/bin/../lib/gcc/arm-none-eabi/7.3.1/thumb/v7-m/crtbegin.o
 *(.init)
 .init          0x080015f8        0x4 d:/ac6/systemworkbench/plugins/fr.ac6.mcu.externaltools.arm-none.win32_1.17.0.201812190825/tools/compiler/bin/../lib/gcc/arm-none-eabi/7.3.1/thumb/v7-m/crti.o
                0x080015f8                _init
 .init          0x080015fc        0x8 d:/ac6/systemworkbench/plugins/fr.ac6.mcu.externaltools.arm-none.win32_1.17.0.201812190825/tools/compiler/bin/../lib/gcc/arm-none-eabi/7.3.1/thumb/v7-m/crtn.o
 *(.fini)
 .fini          0x08001604        0x4 d:/ac6/systemworkbench/plugins/fr.ac6.mcu.externaltools.arm-none.win32_1.17.0.201812190825/tools/compiler/bin/../lib/gcc/arm-none-eabi/7.3.1/thumb/v7-m/crti.o
                0x08001604                _fini
 .fini          0x08001608        0x8 d:/ac6/systemworkbench/plugins/fr.ac6.mcu.externaltools.arm-none.win32_1.17.0.201812190825/tools/compiler/bin/../lib/gcc/arm-none-eabi/7.3.1/thumb/v7-m/crtn.o
                0x08001610                . = ALIGN (0x4)
                0x08001610                _etext = .

.vfp11_veneer   0x08001610        0x0
 .vfp11_veneer  0x08001610        0x0 linker stubs

.v4_bx          0x08001610        0x0
 .v4_bx         0x08001610        0x0 linker stubs

.iplt           0x08001610        0x0
 .iplt          0x08001610        0x0 d:/ac6/systemworkbench/plugins/fr.ac6.mcu.externaltools.arm-none.win32_1.17.0.201812190825/tools/compiler/bin/../lib/gcc/arm-none-eabi/7.3.1/thumb/v7-m/crtbegin.o

.rodata         0x08001610      0x82c
                0x08001610                . = ALIGN (0x4)
 *(.rodata)
 .rodata        0x08001610        0xd src/main.o
 *fill*         0x0800161d        0x3 
 .rodata        0x08001620      0x818 src/oled.o
                0x08001620                F6x8
                0x08001848                F8X16
 *(.rodata*)
 .rodata._global_impure_ptr
                0x08001e38        0x4 d:/ac6/systemworkbench/plugins/fr.ac6.mcu.externaltools.arm-none.win32_1.17.0.201812190825/tools/compiler/bin/../lib/gcc/arm-none-eabi/7.3.1/../../../../arm-none-eabi/lib/thumb/v7-m\libc.a(lib_a-impure.o)
                0x08001e38                _global_impure_ptr
                0x08001e3c                . = ALIGN (0x4)

.rel.dyn        0x08001e3c        0x0
 .rel.iplt      0x08001e3c        0x0 d:/ac6/systemworkbench/plugins/fr.ac6.mcu.externaltools.arm-none.win32_1.17.0.201812190825/tools/compiler/bin/../lib/gcc/arm-none-eabi/7.3.1/thumb/v7-m/crtbegin.o

.ARM.extab      0x08001e3c        0x0
                0x08001e3c                . = ALIGN (0x4)
 *(.ARM.extab* .gnu.linkonce.armextab.*)
                0x08001e3c                . = ALIGN (0x4)

.ARM            0x08001e3c        0x0
                0x08001e3c                . = ALIGN (0x4)
                0x08001e3c                __exidx_start = .
 *(.ARM.exidx*)
                0x08001e3c                __exidx_end = .
                0x08001e3c                . = ALIGN (0x4)

.preinit_array  0x08001e3c        0x0
                0x08001e3c                . = ALIGN (0x4)
                0x08001e3c                PROVIDE (__preinit_array_start = .)
 *(.preinit_array*)
                0x08001e3c                PROVIDE (__preinit_array_end = .)
                0x08001e3c                . = ALIGN (0x4)

.init_array     0x08001e3c        0x8
                0x08001e3c                . = ALIGN (0x4)
                0x08001e3c                PROVIDE (__init_array_start = .)
 *(SORT_BY_NAME(.init_array.*))
 .init_array.00000
                0x08001e3c        0x4 d:/ac6/systemworkbench/plugins/fr.ac6.mcu.externaltools.arm-none.win32_1.17.0.201812190825/tools/compiler/bin/../lib/gcc/arm-none-eabi/7.3.1/../../../../arm-none-eabi/lib/thumb/v7-m\libc.a(lib_a-__call_atexit.o)
 *(.init_array*)
 .init_array    0x08001e40        0x4 d:/ac6/systemworkbench/plugins/fr.ac6.mcu.externaltools.arm-none.win32_1.17.0.201812190825/tools/compiler/bin/../lib/gcc/arm-none-eabi/7.3.1/thumb/v7-m/crtbegin.o
                0x08001e44                PROVIDE (__init_array_end = .)
                0x08001e44                . = ALIGN (0x4)

.fini_array     0x08001e44        0x4
                0x08001e44                . = ALIGN (0x4)
                0x08001e44                PROVIDE (__fini_array_start = .)
 *(SORT_BY_NAME(.fini_array.*))
 *(.fini_array*)
 .fini_array    0x08001e44        0x4 d:/ac6/systemworkbench/plugins/fr.ac6.mcu.externaltools.arm-none.win32_1.17.0.201812190825/tools/compiler/bin/../lib/gcc/arm-none-eabi/7.3.1/thumb/v7-m/crtbegin.o
                0x08001e48                PROVIDE (__fini_array_end = .)
                0x08001e48                . = ALIGN (0x4)
                0x08001e48                _sidata = LOADADDR (.data)

.data           0x20000000      0x444 load address 0x08001e48
                0x20000000                . = ALIGN (0x4)
                0x20000000                _sdata = .
 *(.data)
 .data          0x20000000       0x14 src/system_stm32f10x.o
                0x20000000                SystemCoreClock
                0x20000004                AHBPrescTable
 *(.data*)
 *fill*         0x20000014        0x4 
 .data.impure_data
                0x20000018      0x428 d:/ac6/systemworkbench/plugins/fr.ac6.mcu.externaltools.arm-none.win32_1.17.0.201812190825/tools/compiler/bin/../lib/gcc/arm-none-eabi/7.3.1/../../../../arm-none-eabi/lib/thumb/v7-m\libc.a(lib_a-impure.o)
 .data.__atexit_recursive_mutex
                0x20000440        0x4 d:/ac6/systemworkbench/plugins/fr.ac6.mcu.externaltools.arm-none.win32_1.17.0.201812190825/tools/compiler/bin/../lib/gcc/arm-none-eabi/7.3.1/../../../../arm-none-eabi/lib/thumb/v7-m\libc.a(lib_a-__call_atexit.o)
                0x20000440                __atexit_recursive_mutex
                0x20000444                . = ALIGN (0x4)
                0x20000444                _edata = .

.igot.plt       0x20000444        0x0 load address 0x0800228c
 .igot.plt      0x20000444        0x0 d:/ac6/systemworkbench/plugins/fr.ac6.mcu.externaltools.arm-none.win32_1.17.0.201812190825/tools/compiler/bin/../lib/gcc/arm-none-eabi/7.3.1/thumb/v7-m/crtbegin.o
                0x20000444                . = ALIGN (0x4)

.bss            0x20000444       0x48 load address 0x0800228c
                0x20000444                _sbss = .
                0x20000444                __bss_start__ = _sbss
 *(.bss)
 .bss           0x20000444       0x1c d:/ac6/systemworkbench/plugins/fr.ac6.mcu.externaltools.arm-none.win32_1.17.0.201812190825/tools/compiler/bin/../lib/gcc/arm-none-eabi/7.3.1/thumb/v7-m/crtbegin.o
 .bss           0x20000460        0x4 src/Delay.o
 *(.bss*)
 *(COMMON)
 COMMON         0x20000464        0x2 src/main.o
                0x20000464                Sensor_Value
 *fill*         0x20000466        0x2 
 COMMON         0x20000468       0x21 d:/ac6/systemworkbench/plugins/fr.ac6.mcu.externaltools.arm-none.win32_1.17.0.201812190825/tools/compiler/bin/../lib/gcc/arm-none-eabi/7.3.1/../../../../arm-none-eabi/lib/thumb/v7-m\libc.a(lib_a-lock.o)
                0x20000468                __lock___atexit_recursive_mutex
                0x2000046c                __lock___arc4random_mutex
                0x20000470                __lock___env_recursive_mutex
                0x20000474                __lock___sinit_recursive_mutex
                0x20000478                __lock___malloc_recursive_mutex
                0x2000047c                __lock___at_quick_exit_mutex
                0x20000480                __lock___dd_hash_mutex
                0x20000484                __lock___tz_mutex
                0x20000488                __lock___sfp_recursive_mutex
                0x2000048c                . = ALIGN (0x4)
 *fill*         0x20000489        0x3 
                0x2000048c                _ebss = .
                0x2000048c                __bss_end__ = _ebss

._user_heap_stack
                0x2000048c      0x404 load address 0x0800228c
                0x20000490                . = ALIGN (0x8)
 *fill*         0x2000048c        0x4 
                0x20000490                PROVIDE (end = .)
                [!provide]                PROVIDE (_end = .)
                0x20000490                . = (. + _Min_Heap_Size)
                0x20000890                . = (. + _Min_Stack_Size)
 *fill*         0x20000490      0x400 
                0x20000890                . = ALIGN (0x8)

/DISCARD/
 libc.a(*)
 libm.a(*)
 libgcc.a(*)

.ARM.attributes
                0x00000000       0x29
 *(.ARM.attributes)
 .ARM.attributes
                0x00000000       0x1d d:/ac6/systemworkbench/plugins/fr.ac6.mcu.externaltools.arm-none.win32_1.17.0.201812190825/tools/compiler/bin/../lib/gcc/arm-none-eabi/7.3.1/thumb/v7-m/crti.o
 .ARM.attributes
                0x0000001d       0x2d d:/ac6/systemworkbench/plugins/fr.ac6.mcu.externaltools.arm-none.win32_1.17.0.201812190825/tools/compiler/bin/../lib/gcc/arm-none-eabi/7.3.1/thumb/v7-m/crtbegin.o
 .ARM.attributes
                0x0000004a       0x33 StdPeriph_Driver/src/misc.o
 .ARM.attributes
                0x0000007d       0x33 StdPeriph_Driver/src/stm32f10x_adc.o
 .ARM.attributes
                0x000000b0       0x33 StdPeriph_Driver/src/stm32f10x_gpio.o
 .ARM.attributes
                0x000000e3       0x33 StdPeriph_Driver/src/stm32f10x_rcc.o
 .ARM.attributes
                0x00000116       0x33 StdPeriph_Driver/src/stm32f10x_tim.o
 .ARM.attributes
                0x00000149       0x33 src/ADC.o
 .ARM.attributes
                0x0000017c       0x33 src/Delay.o
 .ARM.attributes
                0x000001af       0x33 src/Timer.o
 .ARM.attributes
                0x000001e2       0x33 src/main.o
 .ARM.attributes
                0x00000215       0x33 src/oled.o
 .ARM.attributes
                0x00000248       0x33 src/sys.o
 .ARM.attributes
                0x0000027b       0x33 src/system_stm32f10x.o
 .ARM.attributes
                0x000002ae       0x21 startup/startup_stm32.o
 .ARM.attributes
                0x000002cf       0x2d d:/ac6/systemworkbench/plugins/fr.ac6.mcu.externaltools.arm-none.win32_1.17.0.201812190825/tools/compiler/bin/../lib/gcc/arm-none-eabi/7.3.1/../../../../arm-none-eabi/lib/thumb/v7-m\libc.a(lib_a-impure.o)
 .ARM.attributes
                0x000002fc       0x2d d:/ac6/systemworkbench/plugins/fr.ac6.mcu.externaltools.arm-none.win32_1.17.0.201812190825/tools/compiler/bin/../lib/gcc/arm-none-eabi/7.3.1/../../../../arm-none-eabi/lib/thumb/v7-m\libc.a(lib_a-init.o)
 .ARM.attributes
                0x00000329       0x2d d:/ac6/systemworkbench/plugins/fr.ac6.mcu.externaltools.arm-none.win32_1.17.0.201812190825/tools/compiler/bin/../lib/gcc/arm-none-eabi/7.3.1/../../../../arm-none-eabi/lib/thumb/v7-m\libc.a(lib_a-__call_atexit.o)
 .ARM.attributes
                0x00000356       0x2d d:/ac6/systemworkbench/plugins/fr.ac6.mcu.externaltools.arm-none.win32_1.17.0.201812190825/tools/compiler/bin/../lib/gcc/arm-none-eabi/7.3.1/../../../../arm-none-eabi/lib/thumb/v7-m\libc.a(lib_a-atexit.o)
 .ARM.attributes
                0x00000383       0x2d d:/ac6/systemworkbench/plugins/fr.ac6.mcu.externaltools.arm-none.win32_1.17.0.201812190825/tools/compiler/bin/../lib/gcc/arm-none-eabi/7.3.1/../../../../arm-none-eabi/lib/thumb/v7-m\libc.a(lib_a-fini.o)
 .ARM.attributes
                0x000003b0       0x2d d:/ac6/systemworkbench/plugins/fr.ac6.mcu.externaltools.arm-none.win32_1.17.0.201812190825/tools/compiler/bin/../lib/gcc/arm-none-eabi/7.3.1/../../../../arm-none-eabi/lib/thumb/v7-m\libc.a(lib_a-lock.o)
 .ARM.attributes
                0x000003dd       0x2d d:/ac6/systemworkbench/plugins/fr.ac6.mcu.externaltools.arm-none.win32_1.17.0.201812190825/tools/compiler/bin/../lib/gcc/arm-none-eabi/7.3.1/../../../../arm-none-eabi/lib/thumb/v7-m\libc.a(lib_a-__atexit.o)
 .ARM.attributes
                0x0000040a       0x1d d:/ac6/systemworkbench/plugins/fr.ac6.mcu.externaltools.arm-none.win32_1.17.0.201812190825/tools/compiler/bin/../lib/gcc/arm-none-eabi/7.3.1/thumb/v7-m/crtn.o
OUTPUT(CCS811_EC.elf elf32-littlearm)

.debug_info     0x00000000     0x7844
 .debug_info    0x00000000      0x4e7 StdPeriph_Driver/src/misc.o
 .debug_info    0x000004e7      0xb70 StdPeriph_Driver/src/stm32f10x_adc.o
 .debug_info    0x00001057      0x6e6 StdPeriph_Driver/src/stm32f10x_gpio.o
 .debug_info    0x0000173d      0x89c StdPeriph_Driver/src/stm32f10x_rcc.o
 .debug_info    0x00001fd9     0x1c54 StdPeriph_Driver/src/stm32f10x_tim.o
 .debug_info    0x00003c2d      0xc37 src/ADC.o
 .debug_info    0x00004864      0x216 src/Delay.o
 .debug_info    0x00004a7a      0xd8f src/Timer.o
 .debug_info    0x00005809      0xb6c src/main.o
 .debug_info    0x00006375      0xfaa src/oled.o
 .debug_info    0x0000731f       0xb3 src/sys.o
 .debug_info    0x000073d2      0x450 src/system_stm32f10x.o
 .debug_info    0x00007822       0x22 startup/startup_stm32.o

.debug_abbrev   0x00000000     0x15aa
 .debug_abbrev  0x00000000      0x186 StdPeriph_Driver/src/misc.o
 .debug_abbrev  0x00000186      0x1b0 StdPeriph_Driver/src/stm32f10x_adc.o
 .debug_abbrev  0x00000336      0x200 StdPeriph_Driver/src/stm32f10x_gpio.o
 .debug_abbrev  0x00000536      0x1d4 StdPeriph_Driver/src/stm32f10x_rcc.o
 .debug_abbrev  0x0000070a      0x1c8 StdPeriph_Driver/src/stm32f10x_tim.o
 .debug_abbrev  0x000008d2      0x23d src/ADC.o
 .debug_abbrev  0x00000b0f      0x10e src/Delay.o
 .debug_abbrev  0x00000c1d      0x23b src/Timer.o
 .debug_abbrev  0x00000e58      0x21b src/main.o
 .debug_abbrev  0x00001073      0x30c src/oled.o
 .debug_abbrev  0x0000137f       0x7b src/sys.o
 .debug_abbrev  0x000013fa      0x19e src/system_stm32f10x.o
 .debug_abbrev  0x00001598       0x12 startup/startup_stm32.o

.debug_aranges  0x00000000      0x828
 .debug_aranges
                0x00000000       0x40 StdPeriph_Driver/src/misc.o
 .debug_aranges
                0x00000040      0x138 StdPeriph_Driver/src/stm32f10x_adc.o
 .debug_aranges
                0x00000178       0xa8 StdPeriph_Driver/src/stm32f10x_gpio.o
 .debug_aranges
                0x00000220      0x118 StdPeriph_Driver/src/stm32f10x_rcc.o
 .debug_aranges
                0x00000338      0x2f0 StdPeriph_Driver/src/stm32f10x_tim.o
 .debug_aranges
                0x00000628       0x30 src/ADC.o
 .debug_aranges
                0x00000658       0x38 src/Delay.o
 .debug_aranges
                0x00000690       0x28 src/Timer.o
 .debug_aranges
                0x000006b8       0x28 src/main.o
 .debug_aranges
                0x000006e0       0xc8 src/oled.o
 .debug_aranges
                0x000007a8       0x20 src/sys.o
 .debug_aranges
                0x000007c8       0x38 src/system_stm32f10x.o
 .debug_aranges
                0x00000800       0x28 startup/startup_stm32.o

.debug_ranges   0x00000000      0x760
 .debug_ranges  0x00000000       0x30 StdPeriph_Driver/src/misc.o
 .debug_ranges  0x00000030      0x128 StdPeriph_Driver/src/stm32f10x_adc.o
 .debug_ranges  0x00000158       0x98 StdPeriph_Driver/src/stm32f10x_gpio.o
 .debug_ranges  0x000001f0      0x108 StdPeriph_Driver/src/stm32f10x_rcc.o
 .debug_ranges  0x000002f8      0x2e0 StdPeriph_Driver/src/stm32f10x_tim.o
 .debug_ranges  0x000005d8       0x20 src/ADC.o
 .debug_ranges  0x000005f8       0x28 src/Delay.o
 .debug_ranges  0x00000620       0x18 src/Timer.o
 .debug_ranges  0x00000638       0x18 src/main.o
 .debug_ranges  0x00000650       0xb8 src/oled.o
 .debug_ranges  0x00000708       0x10 src/sys.o
 .debug_ranges  0x00000718       0x28 src/system_stm32f10x.o
 .debug_ranges  0x00000740       0x20 startup/startup_stm32.o

.debug_macro    0x00000000     0xf0cc
 .debug_macro   0x00000000      0x18b StdPeriph_Driver/src/misc.o
 .debug_macro   0x0000018b       0x55 StdPeriph_Driver/src/misc.o
 .debug_macro   0x000001e0       0x22 StdPeriph_Driver/src/misc.o
 .debug_macro   0x00000202      0x69f StdPeriph_Driver/src/misc.o
 .debug_macro   0x000008a1     0x7dbe StdPeriph_Driver/src/misc.o
 .debug_macro   0x0000865f      0x2df StdPeriph_Driver/src/misc.o
 .debug_macro   0x0000893e      0x144 StdPeriph_Driver/src/misc.o
 .debug_macro   0x00008a82      0x3cf StdPeriph_Driver/src/misc.o
 .debug_macro   0x00008e51       0xc8 StdPeriph_Driver/src/misc.o
 .debug_macro   0x00008f19      0x179 StdPeriph_Driver/src/misc.o
 .debug_macro   0x00009092       0xac StdPeriph_Driver/src/misc.o
 .debug_macro   0x0000913e      0x3ad StdPeriph_Driver/src/misc.o
 .debug_macro   0x000094eb       0x9a StdPeriph_Driver/src/misc.o
 .debug_macro   0x00009585      0x2cf StdPeriph_Driver/src/misc.o
 .debug_macro   0x00009854      0x279 StdPeriph_Driver/src/misc.o
 .debug_macro   0x00009acd      0x2a6 StdPeriph_Driver/src/misc.o
 .debug_macro   0x00009d73      0x2b1 StdPeriph_Driver/src/misc.o
 .debug_macro   0x0000a024       0x64 StdPeriph_Driver/src/misc.o
 .debug_macro   0x0000a088       0x82 StdPeriph_Driver/src/misc.o
 .debug_macro   0x0000a10a      0x3e2 StdPeriph_Driver/src/misc.o
 .debug_macro   0x0000a4ec       0x58 StdPeriph_Driver/src/misc.o
 .debug_macro   0x0000a544      0x341 StdPeriph_Driver/src/misc.o
 .debug_macro   0x0000a885      0x2c2 StdPeriph_Driver/src/misc.o
 .debug_macro   0x0000ab47      0x711 StdPeriph_Driver/src/misc.o
 .debug_macro   0x0000b258      0x220 StdPeriph_Driver/src/misc.o
 .debug_macro   0x0000b478       0x34 StdPeriph_Driver/src/misc.o
 .debug_macro   0x0000b4ac       0x35 StdPeriph_Driver/src/misc.o
 .debug_macro   0x0000b4e1       0x84 StdPeriph_Driver/src/misc.o
 .debug_macro   0x0000b565      0x285 StdPeriph_Driver/src/stm32f10x_adc.o
 .debug_macro   0x0000b7ea      0x13e StdPeriph_Driver/src/stm32f10x_adc.o
 .debug_macro   0x0000b928       0x8a StdPeriph_Driver/src/stm32f10x_adc.o
 .debug_macro   0x0000b9b2      0x1d7 StdPeriph_Driver/src/stm32f10x_gpio.o
 .debug_macro   0x0000bb89      0x2a0 StdPeriph_Driver/src/stm32f10x_gpio.o
 .debug_macro   0x0000be29      0x2a1 StdPeriph_Driver/src/stm32f10x_rcc.o
 .debug_macro   0x0000c0ca      0x3dc StdPeriph_Driver/src/stm32f10x_rcc.o
 .debug_macro   0x0000c4a6      0x1a1 StdPeriph_Driver/src/stm32f10x_tim.o
 .debug_macro   0x0000c647      0x70b StdPeriph_Driver/src/stm32f10x_tim.o
 .debug_macro   0x0000cd52      0x377 src/ADC.o
 .debug_macro   0x0000d0c9       0x58 src/ADC.o
 .debug_macro   0x0000d121       0x18 src/ADC.o
 .debug_macro   0x0000d139       0x94 src/ADC.o
 .debug_macro   0x0000d1cd       0x35 src/ADC.o
 .debug_macro   0x0000d202       0x34 src/ADC.o
 .debug_macro   0x0000d236       0x16 src/ADC.o
 .debug_macro   0x0000d24c       0x57 src/ADC.o
 .debug_macro   0x0000d2a3       0x97 src/ADC.o
 .debug_macro   0x0000d33a      0x330 src/ADC.o
 .debug_macro   0x0000d66a       0xfd src/ADC.o
 .debug_macro   0x0000d767       0x10 src/ADC.o
 .debug_macro   0x0000d777       0x58 src/ADC.o
 .debug_macro   0x0000d7cf       0x1f src/ADC.o
 .debug_macro   0x0000d7ee       0x43 src/ADC.o
 .debug_macro   0x0000d831       0x20 src/ADC.o
 .debug_macro   0x0000d851      0x18e src/ADC.o
 .debug_macro   0x0000d9df       0x10 src/ADC.o
 .debug_macro   0x0000d9ef       0x1c src/ADC.o
 .debug_macro   0x0000da0b       0x52 src/ADC.o
 .debug_macro   0x0000da5d       0x40 src/ADC.o
 .debug_macro   0x0000da9d       0x10 src/ADC.o
 .debug_macro   0x0000daad       0x40 src/ADC.o
 .debug_macro   0x0000daed       0xd7 src/ADC.o
 .debug_macro   0x0000dbc4       0x1c src/ADC.o
 .debug_macro   0x0000dbe0       0x3d src/ADC.o
 .debug_macro   0x0000dc1d       0x16 src/ADC.o
 .debug_macro   0x0000dc33      0x16f src/ADC.o
 .debug_macro   0x0000dda2       0xca src/ADC.o
 .debug_macro   0x0000de6c       0x28 src/ADC.o
 .debug_macro   0x0000de94       0x82 src/ADC.o
 .debug_macro   0x0000df16       0x16 src/ADC.o
 .debug_macro   0x0000df2c       0x35 src/ADC.o
 .debug_macro   0x0000df61       0x16 src/ADC.o
 .debug_macro   0x0000df77       0x29 src/ADC.o
 .debug_macro   0x0000dfa0       0x5e src/ADC.o
 .debug_macro   0x0000dffe       0x1c src/ADC.o
 .debug_macro   0x0000e01a      0x194 src/Delay.o
 .debug_macro   0x0000e1ae       0xc4 src/Delay.o
 .debug_macro   0x0000e272      0x371 src/Timer.o
 .debug_macro   0x0000e5e3      0x36d src/main.o
 .debug_macro   0x0000e950      0x271 src/oled.o
 .debug_macro   0x0000ebc1       0x5e src/oled.o
 .debug_macro   0x0000ec1f      0x10e src/oled.o
 .debug_macro   0x0000ed2d       0x8d src/oled.o
 .debug_macro   0x0000edba      0x18a src/sys.o
 .debug_macro   0x0000ef44      0x188 src/system_stm32f10x.o

.debug_line     0x00000000     0x5d65
 .debug_line    0x00000000      0x5bc StdPeriph_Driver/src/misc.o
 .debug_line    0x000005bc      0x8a8 StdPeriph_Driver/src/stm32f10x_adc.o
 .debug_line    0x00000e64      0x73a StdPeriph_Driver/src/stm32f10x_gpio.o
 .debug_line    0x0000159e      0x839 StdPeriph_Driver/src/stm32f10x_rcc.o
 .debug_line    0x00001dd7      0xebe StdPeriph_Driver/src/stm32f10x_tim.o
 .debug_line    0x00002c95      0x76d src/ADC.o
 .debug_line    0x00003402      0x5dd src/Delay.o
 .debug_line    0x000039df      0x73e src/Timer.o
 .debug_line    0x0000411d      0x741 src/main.o
 .debug_line    0x0000485e      0x94a src/oled.o
 .debug_line    0x000051a8      0x54f src/sys.o
 .debug_line    0x000056f7      0x5f2 src/system_stm32f10x.o
 .debug_line    0x00005ce9       0x7c startup/startup_stm32.o

.debug_str      0x00000000    0x54bc2
 .debug_str     0x00000000    0x4d2b3 StdPeriph_Driver/src/misc.o
                              0x4d42b (size before relaxing)
 .debug_str     0x0004d2b3      0xb7e StdPeriph_Driver/src/stm32f10x_adc.o
                              0x4dd7f (size before relaxing)
 .debug_str     0x0004de31      0x5a4 StdPeriph_Driver/src/stm32f10x_gpio.o
                              0x4d7a3 (size before relaxing)
 .debug_str     0x0004e3d5      0xb59 StdPeriph_Driver/src/stm32f10x_rcc.o
                              0x4dd89 (size before relaxing)
 .debug_str     0x0004ef2e      0xc15 StdPeriph_Driver/src/stm32f10x_tim.o
                              0x4dea7 (size before relaxing)
 .debug_str     0x0004fb43     0x4a87 src/ADC.o
                              0x51f19 (size before relaxing)
 .debug_str     0x000545ca       0x48 src/Delay.o
                              0x4d6a6 (size before relaxing)
 .debug_str     0x00054612      0x312 src/Timer.o
                              0x521de (size before relaxing)
 .debug_str     0x00054924       0x30 src/main.o
                              0x51df2 (size before relaxing)
 .debug_str     0x00054954      0x17b src/oled.o
                              0x509e5 (size before relaxing)
 .debug_str     0x00054acf       0x20 src/sys.o
                              0x4d630 (size before relaxing)
 .debug_str     0x00054aef       0xaa src/system_stm32f10x.o
                              0x4d337 (size before relaxing)
 .debug_str     0x00054b99       0x29 startup/startup_stm32.o
                                 0x4d (size before relaxing)

.comment        0x00000000       0x7f
 .comment       0x00000000       0x7f StdPeriph_Driver/src/misc.o
                                 0x80 (size before relaxing)
 .comment       0x0000007f       0x80 StdPeriph_Driver/src/stm32f10x_adc.o
 .comment       0x0000007f       0x80 StdPeriph_Driver/src/stm32f10x_gpio.o
 .comment       0x0000007f       0x80 StdPeriph_Driver/src/stm32f10x_rcc.o
 .comment       0x0000007f       0x80 StdPeriph_Driver/src/stm32f10x_tim.o
 .comment       0x0000007f       0x80 src/ADC.o
 .comment       0x0000007f       0x80 src/Delay.o
 .comment       0x0000007f       0x80 src/Timer.o
 .comment       0x0000007f       0x80 src/main.o
 .comment       0x0000007f       0x80 src/oled.o
 .comment       0x0000007f       0x80 src/sys.o
 .comment       0x0000007f       0x80 src/system_stm32f10x.o

.debug_frame    0x00000000     0x23cc
 .debug_frame   0x00000000       0xd8 StdPeriph_Driver/src/misc.o
 .debug_frame   0x000000d8      0x5a4 StdPeriph_Driver/src/stm32f10x_adc.o
 .debug_frame   0x0000067c      0x2d0 StdPeriph_Driver/src/stm32f10x_gpio.o
 .debug_frame   0x0000094c      0x4f4 StdPeriph_Driver/src/stm32f10x_rcc.o
 .debug_frame   0x00000e40      0xe2c StdPeriph_Driver/src/stm32f10x_tim.o
 .debug_frame   0x00001c6c       0x7c src/ADC.o
 .debug_frame   0x00001ce8       0xa4 src/Delay.o
 .debug_frame   0x00001d8c       0x58 src/Timer.o
 .debug_frame   0x00001de4       0x50 src/main.o
 .debug_frame   0x00001e34      0x314 src/oled.o
 .debug_frame   0x00002148       0x2c src/sys.o
 .debug_frame   0x00002174       0x98 src/system_stm32f10x.o
 .debug_frame   0x0000220c       0x2c d:/ac6/systemworkbench/plugins/fr.ac6.mcu.externaltools.arm-none.win32_1.17.0.201812190825/tools/compiler/bin/../lib/gcc/arm-none-eabi/7.3.1/../../../../arm-none-eabi/lib/thumb/v7-m\libc.a(lib_a-init.o)
 .debug_frame   0x00002238       0x5c d:/ac6/systemworkbench/plugins/fr.ac6.mcu.externaltools.arm-none.win32_1.17.0.201812190825/tools/compiler/bin/../lib/gcc/arm-none-eabi/7.3.1/../../../../arm-none-eabi/lib/thumb/v7-m\libc.a(lib_a-__call_atexit.o)
 .debug_frame   0x00002294       0x20 d:/ac6/systemworkbench/plugins/fr.ac6.mcu.externaltools.arm-none.win32_1.17.0.201812190825/tools/compiler/bin/../lib/gcc/arm-none-eabi/7.3.1/../../../../arm-none-eabi/lib/thumb/v7-m\libc.a(lib_a-atexit.o)
 .debug_frame   0x000022b4       0x34 d:/ac6/systemworkbench/plugins/fr.ac6.mcu.externaltools.arm-none.win32_1.17.0.201812190825/tools/compiler/bin/../lib/gcc/arm-none-eabi/7.3.1/../../../../arm-none-eabi/lib/thumb/v7-m\libc.a(lib_a-fini.o)
 .debug_frame   0x000022e8       0xb0 d:/ac6/systemworkbench/plugins/fr.ac6.mcu.externaltools.arm-none.win32_1.17.0.201812190825/tools/compiler/bin/../lib/gcc/arm-none-eabi/7.3.1/../../../../arm-none-eabi/lib/thumb/v7-m\libc.a(lib_a-lock.o)
 .debug_frame   0x00002398       0x34 d:/ac6/systemworkbench/plugins/fr.ac6.mcu.externaltools.arm-none.win32_1.17.0.201812190825/tools/compiler/bin/../lib/gcc/arm-none-eabi/7.3.1/../../../../arm-none-eabi/lib/thumb/v7-m\libc.a(lib_a-__atexit.o)
